0 verbose cli C:\Program Files\nodejs\node.exe C:\Program Files\nodejs\node_modules\npm\bin\npm-cli.js
1 info using npm@10.9.2
2 info using node@v22.14.0
3 silly config load:file:C:\Program Files\nodejs\node_modules\npm\npmrc
4 silly config load:file:D:\phachara-landing\.npmrc
5 silly config load:file:C:\Users\kittichon\.npmrc
6 silly config load:file:C:\Users\kittichon\AppData\Roaming\npm\etc\npmrc
7 verbose title npm exec tsc --noEmit
8 verbose argv "exec" "--" "tsc" "--noEmit"
9 verbose logfile logs-max:10 dir:D:\phachara-landing\npm-cache\_logs\2026-06-12T17_38_43_326Z-
10 verbose logfile D:\phachara-landing\npm-cache\_logs\2026-06-12T17_38_43_326Z-debug-0.log
11 silly logfile done cleaning log files
12 http fetch GET 200 https://registry.npmjs.org/npm 356ms
13 verbose cwd D:\phachara-landing
14 verbose os Windows_NT 10.0.19045
15 verbose node v22.14.0
16 verbose npm  v10.9.2
17 notice
17 notice New major version of npm available! 10.9.2 -> 11.17.0
17 notice Changelog: https://github.com/npm/cli/releases/tag/v11.17.0
17 notice To update run: npm install -g npm@11.17.0
17 notice  { force: true, [Symbol(proc-log.meta)]: true }
18 verbose exit 0
19 info ok
